
> frontend@0.1.0 build
> craco build

Creating an optimized production build...
Compiled with warnings.

[eslint] 
src\pages\ScreeningDetail.jsx
  Line 36:6:  React Hook useEffect has a missing dependency: 'load'. Either include it or remove the dependency array  react-hooks/exhaustive-deps

Search for the keywords to learn more about each warning.
To ignore, add // eslint-disable-next-line to the line before.

File sizes after gzip:

  232.8 kB  build\static\js\main.bb45656a.js
  11.27 kB  build\static\css\main.107aa480.css

The project was built assuming it is hosted at /.
You can control this with the homepage field in your package.json.

The build folder is ready to be deployed.
You may serve it with a static server:

  yarn global add serve
  serve -s build

Find out more about deployment here:

  https://cra.link/deployment

